000001;John Doe                                          ;000000;000000000000;000000
