000001;John Doe                                          ;000002;000000002400;000000
