000001;John Doe                                          ;000003;000000002700;000001
