000001;John Doe                                          ;000002;000000002400;000001
000002;Jane Smith                                        ;000001;000000002000;000000
